// Jest Snapshot v1, https://goo.gl/fbAQLP

exports[`ProfessorHome render snapshot (flow básico) 1`] = `
<View
  style={
    {
      "backgroundColor": "#f7f8fb",
      "flex": 1,
      "padding": 16,
    }
  }
>
  <View
    accessibilityIgnoresInvertColors={true}
    style={
      {
        "bottom": 0,
        "left": 0,
        "position": "absolute",
        "right": 0,
        "top": 0,
      }
    }
  >
    <Image
      source={
        {
          "uri": "https://images.unsplash.com/photo-1571902943202-507ec2618e8f?auto=format&fit=crop&w=1600&q=80",
        }
      }
      style={
        [
          {
            "bottom": 0,
            "left": 0,
            "position": "absolute",
            "right": 0,
            "top": 0,
          },
          {
            "height": undefined,
            "width": undefined,
          },
          {
            "opacity": 0.12,
          },
        ]
      }
    />
    <View
      style={
        {
          "backgroundColor": "#0f172a",
          "bottom": 0,
          "left": 0,
          "opacity": 0.08,
          "position": "absolute",
          "right": 0,
          "top": 0,
        }
      }
    />
  </View>
  <View
    style={
      {
        "alignItems": "center",
        "flexDirection": "row",
        "justifyContent": "space-between",
        "marginBottom": 16,
      }
    }
  >
    <View>
      <Text
        style={
          {
            "color": "#111827",
            "fontSize": 22,
            "fontWeight": "700",
          }
        }
      >
        Painel do Professor
      </Text>
      <Text
        style={
          {
            "color": "#6b7280",
            "fontSize": 14,
            "marginTop": 4,
          }
        }
      >
        Treinos e acompanhamento • PROF TESTE
      </Text>
    </View>
    <View
      style={
        {
          "alignItems": "center",
          "flexDirection": "row",
          "gap": 12,
        }
      }
    >
      <View
        accessibilityState={
          {
            "busy": undefined,
            "checked": undefined,
            "disabled": undefined,
            "expanded": undefined,
            "selected": undefined,
          }
        }
        accessibilityValue={
          {
            "max": undefined,
            "min": undefined,
            "now": undefined,
            "text": undefined,
          }
        }
        accessible={true}
        collapsable={false}
        focusable={true}
        onClick={[Function]}
        onResponderGrant={[Function]}
        onResponderMove={[Function]}
        onResponderRelease={[Function]}
        onResponderTerminate={[Function]}
        onResponderTerminationRequest={[Function]}
        onStartShouldSetResponder={[Function]}
        style={
          {
            "alignItems": "center",
            "backgroundColor": "#ffffff",
            "borderColor": "#e5e7eb",
            "borderRadius": 22,
            "borderWidth": 1,
            "height": 44,
            "justifyContent": "center",
            "opacity": 1,
            "position": "relative",
            "width": 44,
          }
        }
      >
        <Icon
          color="#1e90ff"
          name="notifications"
          size={22}
        />
      </View>
      <View
        accessibilityState={
          {
            "busy": undefined,
            "checked": undefined,
            "disabled": undefined,
            "expanded": undefined,
            "selected": undefined,
          }
        }
        accessibilityValue={
          {
            "max": undefined,
            "min": undefined,
            "now": undefined,
            "text": undefined,
          }
        }
        accessible={true}
        collapsable={false}
        focusable={true}
        onClick={[Function]}
        onResponderGrant={[Function]}
        onResponderMove={[Function]}
        onResponderRelease={[Function]}
        onResponderTerminate={[Function]}
        onResponderTerminationRequest={[Function]}
        onStartShouldSetResponder={[Function]}
        style={
          {
            "backgroundColor": "#f7f8fb",
            "borderColor": "#ef4444",
            "borderRadius": 8,
            "borderWidth": 1,
            "opacity": 1,
            "paddingHorizontal": 16,
            "paddingVertical": 8,
          }
        }
      >
        <Text
          style={
            {
              "color": "#ef4444",
              "fontSize": 14,
              "fontWeight": "600",
            }
          }
        >
          🚪 Sair
        </Text>
      </View>
    </View>
  </View>
  <View
    accessibilityIgnoresInvertColors={true}
    style={
      {
        "borderRadius": 8,
        "height": 140,
        "justifyContent": "flex-end",
        "marginBottom": 12,
        "overflow": "hidden",
      }
    }
  >
    <Image
      source={
        {
          "uri": "https://images.unsplash.com/photo-1571902943202-507ec2618e8f?auto=format&fit=crop&w=1600&q=80",
        }
      }
      style={
        [
          {
            "bottom": 0,
            "left": 0,
            "position": "absolute",
            "right": 0,
            "top": 0,
          },
          {
            "height": 140,
            "width": undefined,
          },
          {
            "borderRadius": 8,
          },
        ]
      }
    />
    <View
      style={
        {
          "backgroundColor": "#111827",
          "bottom": 0,
          "left": 0,
          "opacity": 0.56,
          "position": "absolute",
          "right": 0,
          "top": 0,
        }
      }
    />
    <View
      style={
        {
          "backgroundColor": "rgba(17, 24, 39, 0.32)",
          "paddingHorizontal": 12,
          "paddingVertical": 10,
        }
      }
    >
      <Text
        style={
          {
            "color": "#ffffff",
            "fontSize": 11,
            "fontWeight": "700",
            "letterSpacing": 0.8,
          }
        }
      >
        PROFESSOR
      </Text>
      <Text
        style={
          {
            "color": "#ffffff",
            "fontSize": 18,
            "fontWeight": "700",
            "marginTop": 4,
          }
        }
      >
        Acompanhe treinos e evolução dos alunos
      </Text>
      <Text
        style={
          {
            "color": "#ffffff",
            "fontSize": 12,
            "marginTop": 4,
          }
        }
      >
        Treinos: 
        0
         • Notificações: 
        0
      </Text>
    </View>
  </View>
  <View
    style={
      {
        "flexDirection": "row",
        "gap": 8,
        "marginBottom": 12,
      }
    }
  >
    <View
      accessibilityState={
        {
          "busy": undefined,
          "checked": undefined,
          "disabled": undefined,
          "expanded": undefined,
          "selected": undefined,
        }
      }
      accessible={true}
      focusable={true}
      onClick={[Function]}
      onResponderGrant={[Function]}
      onResponderMove={[Function]}
      onResponderRelease={[Function]}
      onResponderTerminate={[Function]}
      onResponderTerminationRequest={[Function]}
      onStartShouldSetResponder={[Function]}
      style={
        {
          "backgroundColor": "#ffffff",
          "borderColor": "#e5e7eb",
          "borderRadius": 8,
          "borderWidth": 1,
          "flex": 1,
          "paddingHorizontal": 12,
          "paddingVertical": 10,
        }
      }
    >
      <View
        accessibilityIgnoresInvertColors={true}
        style={
          [
            {
              "borderRadius": 6,
              "height": 56,
              "justifyContent": "flex-end",
              "marginBottom": 10,
              "overflow": "hidden",
            },
            {
              "height": 44,
              "marginBottom": 8,
            },
          ]
        }
      >
        <Image
          source={
            {
              "uri": "https://images.unsplash.com/photo-1534258936925-c58bed479fcb?auto=format&fit=crop&w=1200&q=80",
            }
          }
          style={
            [
              {
                "bottom": 0,
                "left": 0,
                "position": "absolute",
                "right": 0,
                "top": 0,
              },
              {
                "height": 44,
                "width": undefined,
              },
              {
                "borderRadius": 6,
              },
            ]
          }
        />
        <View
          style={
            {
              "backgroundColor": "#0f172a",
              "bottom": 0,
              "left": 0,
              "opacity": 0.52,
              "position": "absolute",
              "right": 0,
              "top": 0,
            }
          }
        />
        <Text
          numberOfLines={1}
          style={
            [
              {
                "color": "#ffffff",
                "fontSize": 11,
                "fontWeight": "700",
                "letterSpacing": 0.5,
                "paddingHorizontal": 10,
                "paddingVertical": 6,
              },
              {
                "fontSize": 10,
                "paddingVertical": 4,
              },
            ]
          }
        >
          TREINOS
        </Text>
      </View>
      <Text
        style={
          {
            "color": "#111827",
            "fontSize": 18,
            "fontWeight": "700",
          }
        }
      >
        0
      </Text>
      <Text
        style={
          {
            "color": "#6b7280",
            "fontSize": 12,
            "marginTop": 2,
          }
        }
      >
        Treinos
      </Text>
      <Text
        style={
          {
            "color": "#6b7280",
            "fontSize": 11,
            "fontWeight": "600",
            "marginTop": 2,
          }
        }
      >
        📋 Modelos: 
        0
      </Text>
      <Text
        style={
          {
            "color": "#6b7280",
            "fontSize": 11,
            "fontWeight": "600",
            "marginTop": 2,
          }
        }
      >
        👤 Associados: 
        0
      </Text>
    </View>
  </View>
  <View
    style={
      {
        "flexDirection": "row",
        "gap": 8,
        "marginBottom": 12,
      }
    }
  >
    <View
      accessibilityState={
        {
          "busy": undefined,
          "checked": undefined,
          "disabled": undefined,
          "expanded": undefined,
          "selected": undefined,
        }
      }
      accessible={true}
      focusable={true}
      onClick={[Function]}
      onResponderGrant={[Function]}
      onResponderMove={[Function]}
      onResponderRelease={[Function]}
      onResponderTerminate={[Function]}
      onResponderTerminationRequest={[Function]}
      onStartShouldSetResponder={[Function]}
      style={
        {
          "backgroundColor": "#ffffff",
          "borderColor": "#e5e7eb",
          "borderRadius": 8,
          "borderWidth": 1,
          "flex": 1,
          "paddingHorizontal": 12,
          "paddingVertical": 10,
        }
      }
    >
      <View
        accessibilityIgnoresInvertColors={true}
        style={
          [
            {
              "borderRadius": 6,
              "height": 56,
              "justifyContent": "flex-end",
              "marginBottom": 10,
              "overflow": "hidden",
            },
            {
              "height": 44,
              "marginBottom": 8,
            },
          ]
        }
      >
        <Image
          source={
            {
              "uri": "https://images.unsplash.com/photo-1519389950473-47ba0277781c?auto=format&fit=crop&w=1200&q=80",
            }
          }
          style={
            [
              {
                "bottom": 0,
                "left": 0,
                "position": "absolute",
                "right": 0,
                "top": 0,
              },
              {
                "height": 44,
                "width": undefined,
              },
              {
                "borderRadius": 6,
              },
            ]
          }
        />
        <View
          style={
            {
              "backgroundColor": "#0f172a",
              "bottom": 0,
              "left": 0,
              "opacity": 0.52,
              "position": "absolute",
              "right": 0,
              "top": 0,
            }
          }
        />
        <Text
          numberOfLines={1}
          style={
            [
              {
                "color": "#ffffff",
                "fontSize": 11,
                "fontWeight": "700",
                "letterSpacing": 0.5,
                "paddingHorizontal": 10,
                "paddingVertical": 6,
              },
              {
                "fontSize": 10,
                "paddingVertical": 4,
              },
            ]
          }
        >
          NOTIFICAÇÕES
        </Text>
      </View>
      <Text
        style={
          {
            "color": "#111827",
            "fontSize": 18,
            "fontWeight": "700",
          }
        }
      >
        0
      </Text>
      <Text
        style={
          {
            "color": "#6b7280",
            "fontSize": 12,
            "marginTop": 2,
          }
        }
      >
        Notificações
      </Text>
    </View>
  </View>
  <View
    style={
      {
        "backgroundColor": "#ffffff",
        "borderColor": "#e5e7eb",
        "borderRadius": 8,
        "borderWidth": 1,
        "marginBottom": 12,
        "padding": 12,
      }
    }
  >
    <View
      accessibilityIgnoresInvertColors={true}
      style={
        [
          {
            "borderRadius": 6,
            "height": 56,
            "justifyContent": "flex-end",
            "marginBottom": 10,
            "overflow": "hidden",
          },
          false,
        ]
      }
    >
      <Image
        source={
          {
            "uri": "https://images.unsplash.com/photo-1534258936925-c58bed479fcb?auto=format&fit=crop&w=1200&q=80",
          }
        }
        style={
          [
            {
              "bottom": 0,
              "left": 0,
              "position": "absolute",
              "right": 0,
              "top": 0,
            },
            {
              "height": 56,
              "width": undefined,
            },
            {
              "borderRadius": 6,
            },
          ]
        }
      />
      <View
        style={
          {
            "backgroundColor": "#0f172a",
            "bottom": 0,
            "left": 0,
            "opacity": 0.52,
            "position": "absolute",
            "right": 0,
            "top": 0,
          }
        }
      />
      <Text
        numberOfLines={1}
        style={
          [
            {
              "color": "#ffffff",
              "fontSize": 11,
              "fontWeight": "700",
              "letterSpacing": 0.5,
              "paddingHorizontal": 10,
              "paddingVertical": 6,
            },
            false,
          ]
        }
      >
        MONTAGEM DE FICHA
      </Text>
    </View>
    <Text
      style={
        {
          "color": "#111827",
          "fontSize": 16,
          "fontWeight": "700",
          "marginBottom": 4,
        }
      }
    >
      Montagem de Ficha
    </Text>
    <Text
      style={
        {
          "color": "#6b7280",
          "fontSize": 12,
          "marginBottom": 10,
        }
      }
    >
      Crie treino modelo ou vincule diretamente a um aluno cadastrado.
    </Text>
    <TextInput
      onChangeText={[Function]}
      placeholder="Nome do treino"
      style={
        {
          "backgroundColor": "#f7f8fb",
          "borderColor": "#e5e7eb",
          "borderRadius": 6,
          "borderWidth": 1,
          "marginBottom": 8,
          "padding": 12,
        }
      }
      value=""
    />
    <View
      accessibilityRole="button"
      accessibilityState={
        {
          "busy": undefined,
          "checked": undefined,
          "disabled": undefined,
          "expanded": undefined,
          "selected": undefined,
        }
      }
      accessibilityValue={
        {
          "max": undefined,
          "min": undefined,
          "now": undefined,
          "text": undefined,
        }
      }
      accessible={true}
      collapsable={false}
      focusable={true}
      onClick={[Function]}
      onResponderGrant={[Function]}
      onResponderMove={[Function]}
      onResponderRelease={[Function]}
      onResponderTerminate={[Function]}
      onResponderTerminationRequest={[Function]}
      onStartShouldSetResponder={[Function]}
      style={
        {
          "opacity": 1,
        }
      }
    >
      <View
        style={
          [
            {},
          ]
        }
      >
        <Text
          style={
            [
              {
                "color": "#007AFF",
                "fontSize": 18,
                "margin": 8,
                "textAlign": "center",
              },
            ]
          }
        >
          Criar Treino (sem aluno)
        </Text>
      </View>
    </View>
    <Text
      style={
        [
          {
            "color": "#111827",
            "fontWeight": "600",
            "marginBottom": 4,
            "marginTop": 12,
          },
          {
            "marginTop": 12,
          },
        ]
      }
    >
      Criar treino para aluno
    </Text>
    <TextInput
      autoCapitalize="characters"
      onChangeText={[Function]}
      placeholder="Digite o nome do aluno"
      style={
        {
          "backgroundColor": "#f7f8fb",
          "borderColor": "#e5e7eb",
          "borderRadius": 6,
          "borderWidth": 1,
          "marginBottom": 8,
          "padding": 12,
        }
      }
      value=""
    />
    <View
      accessibilityRole="button"
      accessibilityState={
        {
          "busy": undefined,
          "checked": undefined,
          "disabled": true,
          "expanded": undefined,
          "selected": undefined,
        }
      }
      accessibilityValue={
        {
          "max": undefined,
          "min": undefined,
          "now": undefined,
          "text": undefined,
        }
      }
      accessible={true}
      collapsable={false}
      focusable={true}
      onClick={[Function]}
      onResponderGrant={[Function]}
      onResponderMove={[Function]}
      onResponderRelease={[Function]}
      onResponderTerminate={[Function]}
      onResponderTerminationRequest={[Function]}
      onStartShouldSetResponder={[Function]}
      style={
        {
          "opacity": 1,
        }
      }
    >
      <View
        style={
          [
            {},
            {},
          ]
        }
      >
        <Text
          disabled={true}
          style={
            [
              {
                "color": "#007AFF",
                "fontSize": 18,
                "margin": 8,
                "textAlign": "center",
              },
              {
                "color": "#cdcdcd",
              },
            ]
          }
        >
          Criar Treino para Aluno
        </Text>
      </View>
    </View>
  </View>
</View>
`;
