// Jest Snapshot v1, https://goo.gl/fbAQLP

exports[`TreinoCard snapshot 1`] = `
<View
  style={
    {
      "backgroundColor": "#ffffff",
      "borderRadius": 8,
      "elevation": 2,
      "marginBottom": 12,
      "padding": 12,
      "shadowColor": "#000",
      "shadowOffset": {
        "height": 2,
        "width": 0,
      },
      "shadowOpacity": 0.06,
      "shadowRadius": 6,
    }
  }
>
  <View
    accessibilityIgnoresInvertColors={true}
    style={
      [
        {
          "borderRadius": 6,
          "height": 56,
          "justifyContent": "flex-end",
          "marginBottom": 10,
          "overflow": "hidden",
        },
        {
          "height": 44,
          "marginBottom": 8,
        },
      ]
    }
  >
    <Image
      source={
        {
          "uri": "https://images.unsplash.com/photo-1534258936925-c58bed479fcb?auto=format&fit=crop&w=1200&q=80",
        }
      }
      style={
        [
          {
            "bottom": 0,
            "left": 0,
            "position": "absolute",
            "right": 0,
            "top": 0,
          },
          {
            "height": 44,
            "width": undefined,
          },
          {
            "borderRadius": 6,
          },
        ]
      }
    />
    <View
      style={
        {
          "backgroundColor": "#0f172a",
          "bottom": 0,
          "left": 0,
          "opacity": 0.52,
          "position": "absolute",
          "right": 0,
          "top": 0,
        }
      }
    />
    <Text
      numberOfLines={1}
      style={
        [
          {
            "color": "#ffffff",
            "fontSize": 11,
            "fontWeight": "700",
            "letterSpacing": 0.5,
            "paddingHorizontal": 10,
            "paddingVertical": 6,
          },
          {
            "fontSize": 10,
            "paddingVertical": 4,
          },
        ]
      }
    >
      SNAPSHOT TREINO
    </Text>
  </View>
  <View
    style={
      {
        "alignItems": "center",
        "flexDirection": "row",
        "justifyContent": "space-between",
        "marginBottom": 8,
      }
    }
  >
    <View
      style={
        {
          "alignItems": "center",
          "flex": 1,
          "flexDirection": "row",
          "gap": 8,
        }
      }
    >
      <Text
        style={
          {
            "color": "#111827",
            "fontSize": 18,
            "fontWeight": "700",
          }
        }
      >
        Snapshot Treino
      </Text>
      <View
        accessibilityState={
          {
            "busy": undefined,
            "checked": undefined,
            "disabled": undefined,
            "expanded": undefined,
            "selected": undefined,
          }
        }
        accessibilityValue={
          {
            "max": undefined,
            "min": undefined,
            "now": undefined,
            "text": undefined,
          }
        }
        accessible={true}
        collapsable={false}
        focusable={true}
        onClick={[Function]}
        onResponderGrant={[Function]}
        onResponderMove={[Function]}
        onResponderRelease={[Function]}
        onResponderTerminate={[Function]}
        onResponderTerminationRequest={[Function]}
        onStartShouldSetResponder={[Function]}
        style={
          {
            "backgroundColor": "#f7f8fb",
            "borderColor": "#6b7280",
            "borderRadius": 6,
            "borderWidth": 1,
            "opacity": 1,
            "paddingHorizontal": 8,
            "paddingVertical": 4,
          }
        }
      >
        <Text
          style={
            {
              "color": "#6b7280",
              "fontSize": 12,
              "fontWeight": "600",
            }
          }
        >
          Abrir
        </Text>
      </View>
    </View>
    <View
      style={
        {
          "alignItems": "center",
          "flexDirection": "row",
        }
      }
    >
      <Text
        style={
          {
            "color": "#6b7280",
            "fontSize": 12,
          }
        }
      >
        0/1
      </Text>
    </View>
  </View>
  <View
    accessibilityState={
      {
        "busy": undefined,
        "checked": undefined,
        "disabled": false,
        "expanded": undefined,
        "selected": undefined,
      }
    }
    accessibilityValue={
      {
        "max": undefined,
        "min": undefined,
        "now": undefined,
        "text": undefined,
      }
    }
    accessible={true}
    collapsable={false}
    focusable={true}
    onClick={[Function]}
    onResponderGrant={[Function]}
    onResponderMove={[Function]}
    onResponderRelease={[Function]}
    onResponderTerminate={[Function]}
    onResponderTerminationRequest={[Function]}
    onStartShouldSetResponder={[Function]}
    style={
      {
        "alignItems": "center",
        "backgroundColor": "#1e90ff",
        "borderRadius": 8,
        "flexDirection": "row",
        "justifyContent": "center",
        "marginBottom": 12,
        "opacity": 1,
        "padding": 10,
      }
    }
  >
    <Icon
      color="#ffffff"
      name="play-circle"
      size={18}
    />
    <Text
      style={
        {
          "color": "#ffffff",
          "fontSize": 15,
          "fontWeight": "600",
        }
      }
    >
        Iniciar Treino do Dia
    </Text>
  </View>
  <View
    accessibilityIgnoresInvertColors={true}
    style={
      {
        "borderRadius": 8,
        "marginTop": 8,
        "overflow": "hidden",
      }
    }
  >
    <Image
      source={
        {
          "uri": "https://images.unsplash.com/photo-1517836357463-d25dfeac3438?auto=format&fit=crop&w=1200&q=80",
        }
      }
      style={
        [
          {
            "bottom": 0,
            "left": 0,
            "position": "absolute",
            "right": 0,
            "top": 0,
          },
          {
            "height": undefined,
            "width": undefined,
          },
          {
            "opacity": 0.13,
          },
        ]
      }
    />
    <View
      style={
        {
          "backgroundColor": "#0f172a",
          "bottom": 0,
          "left": 0,
          "opacity": 0.04,
          "position": "absolute",
          "right": 0,
          "top": 0,
        }
      }
    />
    <RCTScrollView
      contentContainerStyle={
        {
          "paddingBottom": 2,
          "paddingHorizontal": 6,
        }
      }
      data={
        [
          {
            "done": false,
            "exercicio_nome": "E1",
            "repeticoes": 10,
            "series": 3,
          },
        ]
      }
      getItem={[Function]}
      getItemCount={[Function]}
      keyExtractor={[Function]}
      onContentSizeChange={[Function]}
      onLayout={[Function]}
      onMomentumScrollBegin={[Function]}
      onMomentumScrollEnd={[Function]}
      onScroll={[Function]}
      onScrollBeginDrag={[Function]}
      onScrollEndDrag={[Function]}
      removeClippedSubviews={false}
      renderItem={[Function]}
      scrollEventThrottle={50}
      stickyHeaderIndices={[]}
      viewabilityConfigCallbackPairs={[]}
    >
      <View>
        <View
          onFocusCapture={[Function]}
          onLayout={[Function]}
          style={null}
        >
          <View
            style={
              {
                "alignItems": "center",
                "borderTopColor": "#f7f8fb",
                "borderTopWidth": 1,
                "flexDirection": "row",
                "marginTop": 8,
                "paddingVertical": 8,
              }
            }
          >
            <View
              accessibilityState={
                {
                  "busy": undefined,
                  "checked": undefined,
                  "disabled": true,
                  "expanded": undefined,
                  "selected": undefined,
                }
              }
              accessibilityValue={
                {
                  "max": undefined,
                  "min": undefined,
                  "now": undefined,
                  "text": undefined,
                }
              }
              accessible={true}
              collapsable={false}
              focusable={true}
              onClick={[Function]}
              onResponderGrant={[Function]}
              onResponderMove={[Function]}
              onResponderRelease={[Function]}
              onResponderTerminate={[Function]}
              onResponderTerminationRequest={[Function]}
              onStartShouldSetResponder={[Function]}
              style={
                {
                  "alignItems": "center",
                  "borderRadius": 6,
                  "height": 34,
                  "justifyContent": "center",
                  "marginRight": 12,
                  "opacity": 1,
                  "width": 34,
                }
              }
              testID="checkbox-0"
            >
              <Icon
                color="#6b7280"
                name="ellipse-outline"
                size={24}
                style={
                  {
                    "opacity": 0.4,
                  }
                }
              />
            </View>
            <View
              accessibilityState={
                {
                  "busy": undefined,
                  "checked": undefined,
                  "disabled": undefined,
                  "expanded": undefined,
                  "selected": undefined,
                }
              }
              accessibilityValue={
                {
                  "max": undefined,
                  "min": undefined,
                  "now": undefined,
                  "text": undefined,
                }
              }
              accessible={true}
              collapsable={false}
              focusable={true}
              onClick={[Function]}
              onResponderGrant={[Function]}
              onResponderMove={[Function]}
              onResponderRelease={[Function]}
              onResponderTerminate={[Function]}
              onResponderTerminationRequest={[Function]}
              onStartShouldSetResponder={[Function]}
              style={
                {
                  "flex": 1,
                  "opacity": 1,
                }
              }
            >
              <Text
                style={
                  [
                    {
                      "color": "#111827",
                      "fontSize": 16,
                    },
                    false,
                  ]
                }
              >
                E1
              </Text>
              <Text
                style={
                  {
                    "color": "#6b7280",
                    "fontSize": 12,
                  }
                }
              >
                3 x 10
              </Text>
              <Text
                style={
                  {
                    "color": "#6b7280",
                    "fontSize": 11,
                    "marginTop": 2,
                  }
                }
              >
                Toque para editar apenas o peso
              </Text>
            </View>
          </View>
        </View>
      </View>
    </RCTScrollView>
  </View>
</View>
`;
